// Jest Snapshot v1, https://goo.gl/fbAQLP

exports[`App tests should contains the login 1`] = `null`;
